{"level":"info","message":"Hello from Acquisitions API","service":"acquisitions-api","timestamp":"2026-08-23T16:13:37.977Z"}
{"level":"info","message":"::1 - - [23/Aug/2026:16:13:37 +0000] \"GET / HTTP/1.1\" 304 - \"-\" \"Mozilla/5.0 (Windows NT 10.0; Win64; x64) AppleWebKit/537.36 (KHTML, like Gecko) Code/1.134.0 Chrome/148.0.7778.280 Electron/42.8.1 Safari/537.36\"","service":"acquisitions-api","timestamp":"2026-08-23T16:13:37.987Z"}
{"level":"info","message":"Hello from Acquisitions API","service":"acquisitions-api","timestamp":"2026-08-23T16:16:35.308Z"}
{"level":"info","message":"::1 - - [23/Aug/2026:16:16:35 +0000] \"GET / HTTP/1.1\" 304 - \"-\" \"Mozilla/5.0 (Windows NT 10.0; Win64; x64) AppleWebKit/537.36 (KHTML, like Gecko) Code/1.134.0 Chrome/148.0.7778.280 Electron/42.8.1 Safari/537.36\"","service":"acquisitions-api","timestamp":"2026-08-23T16:16:35.311Z"}
{"level":"info","message":"Hello from Acquisitions API","service":"acquisitions-api","timestamp":"2026-08-23T16:16:45.254Z"}
{"level":"info","message":"::1 - - [23/Aug/2026:16:16:45 +0000] \"GET / HTTP/1.1\" 304 - \"-\" \"Mozilla/5.0 (Windows NT 10.0; Win64; x64) AppleWebKit/537.36 (KHTML, like Gecko) Code/1.134.0 Chrome/148.0.7778.280 Electron/42.8.1 Safari/537.36\"","service":"acquisitions-api","timestamp":"2026-08-23T16:16:45.256Z"}
{"level":"info","message":"Hello from Acquisitions API","service":"acquisitions-api","timestamp":"2026-08-23T16:17:14.462Z"}
{"level":"info","message":"::1 - - [23/Aug/2026:16:17:14 +0000] \"GET / HTTP/1.1\" 200 24 \"-\" \"Mozilla/5.0 (Windows NT 10.0; Win64; x64) AppleWebKit/537.36 (KHTML, like Gecko) Chrome/151.0.0.0 Safari/537.36\"","service":"acquisitions-api","timestamp":"2026-08-23T16:17:14.469Z"}
{"level":"info","message":"Hello from Acquisitions API","service":"acquisitions-api","timestamp":"2026-08-23T16:22:53.569Z"}
{"level":"info","message":"::1 - - [23/Aug/2026:16:22:53 +0000] \"GET / HTTP/1.1\" 304 - \"-\" \"Mozilla/5.0 (Windows NT 10.0; Win64; x64) AppleWebKit/537.36 (KHTML, like Gecko) Code/1.134.0 Chrome/148.0.7778.280 Electron/42.8.1 Safari/537.36\"","service":"acquisitions-api","timestamp":"2026-08-23T16:22:53.587Z"}
{"level":"info","message":"Hello from Acquisitions API","service":"acquisitions-api","timestamp":"2026-08-23T16:23:25.089Z"}
{"level":"info","message":"::1 - - [23/Aug/2026:16:23:25 +0000] \"GET / HTTP/1.1\" 304 - \"-\" \"Mozilla/5.0 (Windows NT 10.0; Win64; x64) AppleWebKit/537.36 (KHTML, like Gecko) Code/1.134.0 Chrome/148.0.7778.280 Electron/42.8.1 Safari/537.36\"","service":"acquisitions-api","timestamp":"2026-08-23T16:23:25.105Z"}
{"level":"info","message":"Hello from Acquisitions API","service":"acquisitions-api","timestamp":"2026-08-23T16:26:29.913Z"}
{"level":"info","message":"::1 - - [23/Aug/2026:16:26:29 +0000] \"GET / HTTP/1.1\" 304 - \"-\" \"Mozilla/5.0 (Windows NT 10.0; Win64; x64) AppleWebKit/537.36 (KHTML, like Gecko) Code/1.134.0 Chrome/148.0.7778.280 Electron/42.8.1 Safari/537.36\"","service":"acquisitions-api","timestamp":"2026-08-23T16:26:29.920Z"}
{"level":"info","message":"Hello from Acquisitions API","service":"acquisitions-api","timestamp":"2026-08-23T16:27:54.894Z"}
{"level":"info","message":"::1 - - [23/Aug/2026:16:27:54 +0000] \"GET / HTTP/1.1\" 304 - \"-\" \"Mozilla/5.0 (Windows NT 10.0; Win64; x64) AppleWebKit/537.36 (KHTML, like Gecko) Code/1.134.0 Chrome/148.0.7778.280 Electron/42.8.1 Safari/537.36\"","service":"acquisitions-api","timestamp":"2026-08-23T16:27:54.907Z"}
{"level":"info","message":"Hello from Acquisitions API","service":"acquisitions-api","timestamp":"2026-08-24T13:47:19.336Z"}
{"level":"info","message":"::1 - - [24/Aug/2026:13:47:19 +0000] \"GET / HTTP/1.1\" 304 - \"-\" \"Mozilla/5.0 (Windows NT 10.0; Win64; x64) AppleWebKit/537.36 (KHTML, like Gecko) Code/1.134.0 Chrome/148.0.7778.280 Electron/42.8.1 Safari/537.36\"","service":"acquisitions-api","timestamp":"2026-08-24T13:47:19.355Z"}
{"level":"info","message":"::1 - - [24/Aug/2026:13:47:40 +0000] \"GET /health HTTP/1.1\" 200 74 \"-\" \"Mozilla/5.0 (Windows NT 10.0; Win64; x64) AppleWebKit/537.36 (KHTML, like Gecko) Code/1.134.0 Chrome/148.0.7778.280 Electron/42.8.1 Safari/537.36\"","service":"acquisitions-api","timestamp":"2026-08-24T13:47:40.163Z"}
{"level":"info","message":"Hello from Acquisitions API","service":"acquisitions-api","timestamp":"2026-08-24T13:48:38.403Z"}
{"level":"info","message":"::1 - - [24/Aug/2026:13:48:38 +0000] \"GET / HTTP/1.1\" 304 - \"-\" \"Mozilla/5.0 (Windows NT 10.0; Win64; x64) AppleWebKit/537.36 (KHTML, like Gecko) Code/1.134.0 Chrome/148.0.7778.280 Electron/42.8.1 Safari/537.36\"","service":"acquisitions-api","timestamp":"2026-08-24T13:48:38.405Z"}
{"level":"info","message":"::1 - - [24/Aug/2026:13:49:42 +0000] \"GET /api HTTP/1.1\" 200 41 \"-\" \"Mozilla/5.0 (Windows NT 10.0; Win64; x64) AppleWebKit/537.36 (KHTML, like Gecko) Code/1.134.0 Chrome/148.0.7778.280 Electron/42.8.1 Safari/537.36\"","service":"acquisitions-api","timestamp":"2026-08-24T13:49:42.343Z"}
{"level":"info","message":"::1 - - [24/Aug/2026:13:50:08 +0000] \"GET /api HTTP/1.1\" 304 - \"-\" \"Mozilla/5.0 (Windows NT 10.0; Win64; x64) AppleWebKit/537.36 (KHTML, like Gecko) Code/1.134.0 Chrome/148.0.7778.280 Electron/42.8.1 Safari/537.36\"","service":"acquisitions-api","timestamp":"2026-08-24T13:50:08.118Z"}
{"level":"info","message":"Hello from Acquisitions API","service":"acquisitions-api","timestamp":"2026-08-24T13:53:28.048Z"}
{"level":"info","message":"::1 - - [24/Aug/2026:13:53:28 +0000] \"GET / HTTP/1.1\" 200 24 \"-\" \"PostmanRuntime/7.51.1\"","service":"acquisitions-api","timestamp":"2026-08-24T13:53:28.049Z"}
{"level":"info","message":"::1 - - [24/Aug/2026:13:53:35 +0000] \"GET /health HTTP/1.1\" 200 75 \"-\" \"PostmanRuntime/7.51.1\"","service":"acquisitions-api","timestamp":"2026-08-24T13:53:35.043Z"}
{"level":"info","message":"::1 - - [24/Aug/2026:13:54:07 +0000] \"GET /api HTTP/1.1\" 200 41 \"-\" \"PostmanRuntime/7.51.1\"","service":"acquisitions-api","timestamp":"2026-08-24T13:54:07.437Z"}
{"level":"info","message":"Hello from Acquisitions API","service":"acquisitions-api","timestamp":"2026-08-24T13:54:17.312Z"}
{"level":"info","message":"::1 - - [24/Aug/2026:13:54:17 +0000] \"GET / HTTP/1.1\" 200 24 \"-\" \"PostmanRuntime/7.51.1\"","service":"acquisitions-api","timestamp":"2026-08-24T13:54:17.315Z"}
{"level":"info","message":"Hello from Acquisitions API","service":"acquisitions-api","timestamp":"2026-08-24T13:55:24.137Z"}
{"level":"info","message":"::1 - - [24/Aug/2026:13:55:24 +0000] \"GET / HTTP/1.1\" 200 24 \"-\" \"PostmanRuntime/7.51.1\"","service":"acquisitions-api","timestamp":"2026-08-24T13:55:24.138Z"}
{"level":"info","message":"Hello from Acquisitions API","service":"acquisitions-api","timestamp":"2026-08-24T13:55:25.384Z"}
{"level":"info","message":"::1 - - [24/Aug/2026:13:55:25 +0000] \"GET / HTTP/1.1\" 200 24 \"-\" \"PostmanRuntime/7.51.1\"","service":"acquisitions-api","timestamp":"2026-08-24T13:55:25.385Z"}
{"level":"info","message":"::1 - - [24/Aug/2026:13:55:37 +0000] \"GET /health HTTP/1.1\" 200 75 \"-\" \"PostmanRuntime/7.51.1\"","service":"acquisitions-api","timestamp":"2026-08-24T13:55:37.326Z"}
{"level":"info","message":"::1 - - [24/Aug/2026:13:58:09 +0000] \"POST /api/auth/sign-in HTTP/1.1\" 200 31 \"-\" \"PostmanRuntime/7.51.1\"","service":"acquisitions-api","timestamp":"2026-08-24T13:58:09.998Z"}
{"level":"info","message":"::1 - - [24/Aug/2026:15:21:23 +0000] \"POST /api/auth/sign-up HTTP/1.1\" 500 1324 \"-\" \"PostmanRuntime/7.51.1\"","service":"acquisitions-api","timestamp":"2026-08-24T15:21:23.254Z"}
{"level":"info","message":"::1 - - [24/Aug/2026:15:21:35 +0000] \"POST /api/auth/sign-up HTTP/1.1\" 500 1324 \"-\" \"PostmanRuntime/7.51.1\"","service":"acquisitions-api","timestamp":"2026-08-24T15:21:35.810Z"}
{"level":"info","message":"::1 - - [24/Aug/2026:15:22:49 +0000] \"POST /api/auth/sign-up HTTP/1.1\" 500 1324 \"-\" \"PostmanRuntime/7.51.1\"","service":"acquisitions-api","timestamp":"2026-08-24T15:22:49.046Z"}
{"level":"info","message":"::1 - - [24/Aug/2026:15:23:55 +0000] \"POST /api/auth/sign-up HTTP/1.1\" 500 1324 \"-\" \"PostmanRuntime/7.51.1\"","service":"acquisitions-api","timestamp":"2026-08-24T15:23:55.616Z"}
{"level":"error","message":"Signup error: signupSchema is not defined","service":"acquisitions-api","stack":"ReferenceError: signupSchema is not defined\n    at signup (file:///C:/Users/thund/OneDrive/Desktop/acquisitions/src/controllers/auth.controller.js:5:34)\n    at Layer.handleRequest (C:\\Users\\thund\\OneDrive\\Desktop\\acquisitions\\node_modules\\router\\lib\\layer.js:152:17)\n    at next (C:\\Users\\thund\\OneDrive\\Desktop\\acquisitions\\node_modules\\router\\lib\\route.js:157:13)\n    at Route.dispatch (C:\\Users\\thund\\OneDrive\\Desktop\\acquisitions\\node_modules\\router\\lib\\route.js:117:3)\n    at handle (C:\\Users\\thund\\OneDrive\\Desktop\\acquisitions\\node_modules\\router\\index.js:435:11)\n    at Layer.handleRequest (C:\\Users\\thund\\OneDrive\\Desktop\\acquisitions\\node_modules\\router\\lib\\layer.js:152:17)\n    at C:\\Users\\thund\\OneDrive\\Desktop\\acquisitions\\node_modules\\router\\index.js:295:15\n    at processParams (C:\\Users\\thund\\OneDrive\\Desktop\\acquisitions\\node_modules\\router\\index.js:582:12)\n    at next (C:\\Users\\thund\\OneDrive\\Desktop\\acquisitions\\node_modules\\router\\index.js:291:5)\n    at router.handle (C:\\Users\\thund\\OneDrive\\Desktop\\acquisitions\\node_modules\\router\\index.js:186:3)","timestamp":"2026-08-24T15:25:29.336Z"}
{"level":"info","message":"::1 - - [24/Aug/2026:15:25:29 +0000] \"POST /api/auth/sign-up HTTP/1.1\" 500 1330 \"-\" \"PostmanRuntime/7.51.1\"","service":"acquisitions-api","timestamp":"2026-08-24T15:25:29.351Z"}
{"level":"info","message":"Hello from Acquisitions API","service":"acquisitions-api","timestamp":"2026-08-24T15:26:26.927Z"}
{"level":"info","message":"::1 - - [24/Aug/2026:15:26:26 +0000] \"GET / HTTP/1.1\" 304 - \"-\" \"Mozilla/5.0 (Windows NT 10.0; Win64; x64) AppleWebKit/537.36 (KHTML, like Gecko) Code/1.134.0 Chrome/148.0.7778.280 Electron/42.8.1 Safari/537.36\"","service":"acquisitions-api","timestamp":"2026-08-24T15:26:26.938Z"}
{"level":"error","message":"Signup error: signupSchema is not defined","service":"acquisitions-api","stack":"ReferenceError: signupSchema is not defined\n    at signup (file:///C:/Users/thund/OneDrive/Desktop/acquisitions/src/controllers/auth.controller.js:5:34)\n    at Layer.handleRequest (C:\\Users\\thund\\OneDrive\\Desktop\\acquisitions\\node_modules\\router\\lib\\layer.js:152:17)\n    at next (C:\\Users\\thund\\OneDrive\\Desktop\\acquisitions\\node_modules\\router\\lib\\route.js:157:13)\n    at Route.dispatch (C:\\Users\\thund\\OneDrive\\Desktop\\acquisitions\\node_modules\\router\\lib\\route.js:117:3)\n    at handle (C:\\Users\\thund\\OneDrive\\Desktop\\acquisitions\\node_modules\\router\\index.js:435:11)\n    at Layer.handleRequest (C:\\Users\\thund\\OneDrive\\Desktop\\acquisitions\\node_modules\\router\\lib\\layer.js:152:17)\n    at C:\\Users\\thund\\OneDrive\\Desktop\\acquisitions\\node_modules\\router\\index.js:295:15\n    at processParams (C:\\Users\\thund\\OneDrive\\Desktop\\acquisitions\\node_modules\\router\\index.js:582:12)\n    at next (C:\\Users\\thund\\OneDrive\\Desktop\\acquisitions\\node_modules\\router\\index.js:291:5)\n    at router.handle (C:\\Users\\thund\\OneDrive\\Desktop\\acquisitions\\node_modules\\router\\index.js:186:3)","timestamp":"2026-08-24T15:26:43.835Z"}
{"level":"info","message":"::1 - - [24/Aug/2026:15:26:43 +0000] \"POST /api/auth/sign-up HTTP/1.1\" 500 1330 \"-\" \"PostmanRuntime/7.51.1\"","service":"acquisitions-api","timestamp":"2026-08-24T15:26:43.841Z"}
{"level":"error","message":"Signup error: signupSchema is not defined","service":"acquisitions-api","stack":"ReferenceError: signupSchema is not defined\n    at signup (file:///C:/Users/thund/OneDrive/Desktop/acquisitions/src/controllers/auth.controller.js:5:34)\n    at Layer.handleRequest (C:\\Users\\thund\\OneDrive\\Desktop\\acquisitions\\node_modules\\router\\lib\\layer.js:152:17)\n    at next (C:\\Users\\thund\\OneDrive\\Desktop\\acquisitions\\node_modules\\router\\lib\\route.js:157:13)\n    at Route.dispatch (C:\\Users\\thund\\OneDrive\\Desktop\\acquisitions\\node_modules\\router\\lib\\route.js:117:3)\n    at handle (C:\\Users\\thund\\OneDrive\\Desktop\\acquisitions\\node_modules\\router\\index.js:435:11)\n    at Layer.handleRequest (C:\\Users\\thund\\OneDrive\\Desktop\\acquisitions\\node_modules\\router\\lib\\layer.js:152:17)\n    at C:\\Users\\thund\\OneDrive\\Desktop\\acquisitions\\node_modules\\router\\index.js:295:15\n    at processParams (C:\\Users\\thund\\OneDrive\\Desktop\\acquisitions\\node_modules\\router\\index.js:582:12)\n    at next (C:\\Users\\thund\\OneDrive\\Desktop\\acquisitions\\node_modules\\router\\index.js:291:5)\n    at router.handle (C:\\Users\\thund\\OneDrive\\Desktop\\acquisitions\\node_modules\\router\\index.js:186:3)","timestamp":"2026-08-24T15:26:46.701Z"}
{"level":"info","message":"::1 - - [24/Aug/2026:15:26:46 +0000] \"POST /api/auth/sign-up HTTP/1.1\" 500 1330 \"-\" \"PostmanRuntime/7.51.1\"","service":"acquisitions-api","timestamp":"2026-08-24T15:26:46.703Z"}
{"level":"error","message":"Signup error: formatValidationError is not defined","service":"acquisitions-api","stack":"ReferenceError: formatValidationError is not defined\n    at signup (file:///C:/Users/thund/OneDrive/Desktop/acquisitions/src/controllers/auth.controller.js:11:26)\n    at Layer.handleRequest (C:\\Users\\thund\\OneDrive\\Desktop\\acquisitions\\node_modules\\router\\lib\\layer.js:152:17)\n    at next (C:\\Users\\thund\\OneDrive\\Desktop\\acquisitions\\node_modules\\router\\lib\\route.js:157:13)\n    at Route.dispatch (C:\\Users\\thund\\OneDrive\\Desktop\\acquisitions\\node_modules\\router\\lib\\route.js:117:3)\n    at handle (C:\\Users\\thund\\OneDrive\\Desktop\\acquisitions\\node_modules\\router\\index.js:435:11)\n    at Layer.handleRequest (C:\\Users\\thund\\OneDrive\\Desktop\\acquisitions\\node_modules\\router\\lib\\layer.js:152:17)\n    at C:\\Users\\thund\\OneDrive\\Desktop\\acquisitions\\node_modules\\router\\index.js:295:15\n    at processParams (C:\\Users\\thund\\OneDrive\\Desktop\\acquisitions\\node_modules\\router\\index.js:582:12)\n    at next (C:\\Users\\thund\\OneDrive\\Desktop\\acquisitions\\node_modules\\router\\index.js:291:5)\n    at router.handle (C:\\Users\\thund\\OneDrive\\Desktop\\acquisitions\\node_modules\\router\\index.js:186:3)","timestamp":"2026-08-24T15:28:45.432Z"}
{"level":"info","message":"::1 - - [24/Aug/2026:15:28:45 +0000] \"POST /api/auth/sign-up HTTP/1.1\" 400 1340 \"-\" \"PostmanRuntime/7.51.1\"","service":"acquisitions-api","timestamp":"2026-08-24T15:28:45.460Z"}
{"level":"info","message":"::1 - - [24/Aug/2026:15:30:55 +0000] \"POST /api/auth/sign-up HTTP/1.1\" 400 158 \"-\" \"PostmanRuntime/7.51.1\"","service":"acquisitions-api","timestamp":"2026-08-24T15:30:55.064Z"}
{"level":"error","message":"Signup error: formatValidationError is not defined","service":"acquisitions-api","stack":"ReferenceError: formatValidationError is not defined\n    at signup (file:///C:/Users/thund/OneDrive/Desktop/acquisitions/src/controllers/auth.controller.js:11:26)\n    at Layer.handleRequest (C:\\Users\\thund\\OneDrive\\Desktop\\acquisitions\\node_modules\\router\\lib\\layer.js:152:17)\n    at next (C:\\Users\\thund\\OneDrive\\Desktop\\acquisitions\\node_modules\\router\\lib\\route.js:157:13)\n    at Route.dispatch (C:\\Users\\thund\\OneDrive\\Desktop\\acquisitions\\node_modules\\router\\lib\\route.js:117:3)\n    at handle (C:\\Users\\thund\\OneDrive\\Desktop\\acquisitions\\node_modules\\router\\index.js:435:11)\n    at Layer.handleRequest (C:\\Users\\thund\\OneDrive\\Desktop\\acquisitions\\node_modules\\router\\lib\\layer.js:152:17)\n    at C:\\Users\\thund\\OneDrive\\Desktop\\acquisitions\\node_modules\\router\\index.js:295:15\n    at processParams (C:\\Users\\thund\\OneDrive\\Desktop\\acquisitions\\node_modules\\router\\index.js:582:12)\n    at next (C:\\Users\\thund\\OneDrive\\Desktop\\acquisitions\\node_modules\\router\\index.js:291:5)\n    at router.handle (C:\\Users\\thund\\OneDrive\\Desktop\\acquisitions\\node_modules\\router\\index.js:186:3)","timestamp":"2026-08-24T15:32:51.299Z"}
{"level":"info","message":"::1 - - [24/Aug/2026:15:32:51 +0000] \"POST /api/auth/sign-up HTTP/1.1\" 400 1340 \"-\" \"PostmanRuntime/7.51.1\"","service":"acquisitions-api","timestamp":"2026-08-24T15:32:51.319Z"}
{"level":"error","message":"Signup error: formatValidationError is not defined","service":"acquisitions-api","stack":"ReferenceError: formatValidationError is not defined\n    at signup (file:///C:/Users/thund/OneDrive/Desktop/acquisitions/src/controllers/auth.controller.js:11:26)\n    at Layer.handleRequest (C:\\Users\\thund\\OneDrive\\Desktop\\acquisitions\\node_modules\\router\\lib\\layer.js:152:17)\n    at next (C:\\Users\\thund\\OneDrive\\Desktop\\acquisitions\\node_modules\\router\\lib\\route.js:157:13)\n    at Route.dispatch (C:\\Users\\thund\\OneDrive\\Desktop\\acquisitions\\node_modules\\router\\lib\\route.js:117:3)\n    at handle (C:\\Users\\thund\\OneDrive\\Desktop\\acquisitions\\node_modules\\router\\index.js:435:11)\n    at Layer.handleRequest (C:\\Users\\thund\\OneDrive\\Desktop\\acquisitions\\node_modules\\router\\lib\\layer.js:152:17)\n    at C:\\Users\\thund\\OneDrive\\Desktop\\acquisitions\\node_modules\\router\\index.js:295:15\n    at processParams (C:\\Users\\thund\\OneDrive\\Desktop\\acquisitions\\node_modules\\router\\index.js:582:12)\n    at next (C:\\Users\\thund\\OneDrive\\Desktop\\acquisitions\\node_modules\\router\\index.js:291:5)\n    at router.handle (C:\\Users\\thund\\OneDrive\\Desktop\\acquisitions\\node_modules\\router\\index.js:186:3)","timestamp":"2026-08-24T15:33:50.430Z"}
{"level":"info","message":"::1 - - [24/Aug/2026:15:33:50 +0000] \"POST /api/auth/sign-up HTTP/1.1\" 400 1340 \"-\" \"PostmanRuntime/7.51.1\"","service":"acquisitions-api","timestamp":"2026-08-24T15:33:50.433Z"}
{"level":"error","message":"Signup error: formatValidationError is not defined","service":"acquisitions-api","stack":"ReferenceError: formatValidationError is not defined\n    at signup (file:///C:/Users/thund/OneDrive/Desktop/acquisitions/src/controllers/auth.controller.js:11:26)\n    at Layer.handleRequest (C:\\Users\\thund\\OneDrive\\Desktop\\acquisitions\\node_modules\\router\\lib\\layer.js:152:17)\n    at next (C:\\Users\\thund\\OneDrive\\Desktop\\acquisitions\\node_modules\\router\\lib\\route.js:157:13)\n    at Route.dispatch (C:\\Users\\thund\\OneDrive\\Desktop\\acquisitions\\node_modules\\router\\lib\\route.js:117:3)\n    at handle (C:\\Users\\thund\\OneDrive\\Desktop\\acquisitions\\node_modules\\router\\index.js:435:11)\n    at Layer.handleRequest (C:\\Users\\thund\\OneDrive\\Desktop\\acquisitions\\node_modules\\router\\lib\\layer.js:152:17)\n    at C:\\Users\\thund\\OneDrive\\Desktop\\acquisitions\\node_modules\\router\\index.js:295:15\n    at processParams (C:\\Users\\thund\\OneDrive\\Desktop\\acquisitions\\node_modules\\router\\index.js:582:12)\n    at next (C:\\Users\\thund\\OneDrive\\Desktop\\acquisitions\\node_modules\\router\\index.js:291:5)\n    at router.handle (C:\\Users\\thund\\OneDrive\\Desktop\\acquisitions\\node_modules\\router\\index.js:186:3)","timestamp":"2026-08-24T15:33:54.297Z"}
{"level":"info","message":"::1 - - [24/Aug/2026:15:33:54 +0000] \"POST /api/auth/sign-up HTTP/1.1\" 400 1340 \"-\" \"PostmanRuntime/7.51.1\"","service":"acquisitions-api","timestamp":"2026-08-24T15:33:54.298Z"}
{"level":"info","message":"::1 - - [24/Aug/2026:15:34:03 +0000] \"POST /api/auth/sign-up HTTP/1.1\" 400 158 \"-\" \"PostmanRuntime/7.51.1\"","service":"acquisitions-api","timestamp":"2026-08-24T15:34:03.149Z"}
{"level":"info","message":"::1 - - [24/Aug/2026:15:38:09 +0000] \"POST /api/auth/sign-up HTTP/1.1\" 400 158 \"-\" \"PostmanRuntime/7.51.1\"","service":"acquisitions-api","timestamp":"2026-08-24T15:38:09.491Z"}
{"level":"info","message":"::1 - - [24/Aug/2026:15:40:01 +0000] \"POST /api/auth/sign-up HTTP/1.1\" 400 697 \"-\" \"PostmanRuntime/7.51.1\"","service":"acquisitions-api","timestamp":"2026-08-24T15:40:01.163Z"}
{"level":"info","message":"::1 - - [24/Aug/2026:15:41:49 +0000] \"POST /api/auth/sign-up HTTP/1.1\" 400 291 \"-\" \"PostmanRuntime/7.51.1\"","service":"acquisitions-api","timestamp":"2026-08-24T15:41:49.949Z"}
{"level":"info","message":"::1 - - [24/Aug/2026:15:43:35 +0000] \"POST /api/auth/sign-up HTTP/1.1\" 400 168 \"-\" \"PostmanRuntime/7.51.1\"","service":"acquisitions-api","timestamp":"2026-08-24T15:43:35.291Z"}
{"level":"info","message":"::1 - - [24/Aug/2026:15:43:43 +0000] \"POST /api/auth/sign-up HTTP/1.1\" 400 415 \"-\" \"PostmanRuntime/7.51.1\"","service":"acquisitions-api","timestamp":"2026-08-24T15:43:43.529Z"}
{"level":"info","message":"::1 - - [24/Aug/2026:15:43:53 +0000] \"POST /api/auth/sign-up HTTP/1.1\" 400 158 \"-\" \"PostmanRuntime/7.51.1\"","service":"acquisitions-api","timestamp":"2026-08-24T15:43:53.687Z"}
{"level":"info","message":"::1 - - [24/Aug/2026:15:44:48 +0000] \"POST /api/auth/sign-up HTTP/1.1\" 400 191 \"-\" \"PostmanRuntime/7.51.1\"","service":"acquisitions-api","timestamp":"2026-08-24T15:44:48.449Z"}
{"level":"info","message":"User registered successfully: contact@pat.com","service":"acquisitions-api","timestamp":"2026-08-24T15:44:58.472Z"}
{"level":"info","message":"::1 - - [24/Aug/2026:15:44:58 +0000] \"POST /api/auth/sign-up HTTP/1.1\" 201 115 \"-\" \"PostmanRuntime/7.51.1\"","service":"acquisitions-api","timestamp":"2026-08-24T15:44:58.474Z"}
{"level":"info","message":"::1 - - [24/Aug/2026:15:45:16 +0000] \"POST /api/auth/sign-up HTTP/1.1\" 400 191 \"-\" \"PostmanRuntime/7.51.1\"","service":"acquisitions-api","timestamp":"2026-08-24T15:45:16.446Z"}
{"level":"info","message":"User registered successfully: contact@pat.com","service":"acquisitions-api","timestamp":"2026-08-24T15:45:51.705Z"}
{"level":"info","message":"::1 - - [24/Aug/2026:15:45:51 +0000] \"POST /api/auth/sign-up HTTP/1.1\" 201 115 \"-\" \"PostmanRuntime/7.51.1\"","service":"acquisitions-api","timestamp":"2026-08-24T15:45:51.707Z"}
{"level":"info","message":"::1 - - [24/Aug/2026:15:48:17 +0000] \"POST /api/auth/sign-up HTTP/1.1\" 400 191 \"-\" \"PostmanRuntime/7.51.1\"","service":"acquisitions-api","timestamp":"2026-08-24T15:48:17.572Z"}
{"level":"info","message":"::1 - - [24/Aug/2026:15:48:49 +0000] \"POST /api/auth/sign-up HTTP/1.1\" 400 191 \"-\" \"PostmanRuntime/7.51.1\"","service":"acquisitions-api","timestamp":"2026-08-24T15:48:49.563Z"}
{"level":"info","message":"::1 - - [24/Aug/2026:16:57:19 +0000] \"POST /api/auth/sign-up HTTP/1.1\" 400 91 \"-\" \"PostmanRuntime/7.51.1\"","service":"acquisitions-api","timestamp":"2026-08-24T16:57:19.002Z"}
{"level":"error","message":"Error creating user: TypeError: db.select is not a function","service":"acquisitions-api","timestamp":"2026-08-24T16:57:32.931Z"}
{"level":"error","message":"Signup error: db.select is not a function","service":"acquisitions-api","stack":"TypeError: db.select is not a function\n    at createUser (file:///C:/Users/thund/OneDrive/Desktop/acquisitions/src/services/auth.service.js:19:14)\n    at signup (file:///C:/Users/thund/OneDrive/Desktop/acquisitions/src/controllers/auth.controller.js:22:28)\n    at Layer.handleRequest (C:\\Users\\thund\\OneDrive\\Desktop\\acquisitions\\node_modules\\router\\lib\\layer.js:152:17)\n    at next (C:\\Users\\thund\\OneDrive\\Desktop\\acquisitions\\node_modules\\router\\lib\\route.js:157:13)\n    at Route.dispatch (C:\\Users\\thund\\OneDrive\\Desktop\\acquisitions\\node_modules\\router\\lib\\route.js:117:3)\n    at handle (C:\\Users\\thund\\OneDrive\\Desktop\\acquisitions\\node_modules\\router\\index.js:435:11)\n    at Layer.handleRequest (C:\\Users\\thund\\OneDrive\\Desktop\\acquisitions\\node_modules\\router\\lib\\layer.js:152:17)\n    at C:\\Users\\thund\\OneDrive\\Desktop\\acquisitions\\node_modules\\router\\index.js:295:15\n    at processParams (C:\\Users\\thund\\OneDrive\\Desktop\\acquisitions\\node_modules\\router\\index.js:582:12)\n    at next (C:\\Users\\thund\\OneDrive\\Desktop\\acquisitions\\node_modules\\router\\index.js:291:5)","timestamp":"2026-08-24T16:57:32.938Z"}
{"level":"info","message":"::1 - - [24/Aug/2026:16:57:32 +0000] \"POST /api/auth/sign-up HTTP/1.1\" 500 1331 \"-\" \"PostmanRuntime/7.51.1\"","service":"acquisitions-api","timestamp":"2026-08-24T16:57:32.949Z"}
{"level":"error","message":"Error creating user: TypeError: db.select is not a function","service":"acquisitions-api","timestamp":"2026-08-24T16:59:13.003Z"}
{"level":"error","message":"Signup error: db.select is not a function","service":"acquisitions-api","stack":"TypeError: db.select is not a function\n    at createUser (file:///C:/Users/thund/OneDrive/Desktop/acquisitions/src/services/auth.service.js:19:14)\n    at signup (file:///C:/Users/thund/OneDrive/Desktop/acquisitions/src/controllers/auth.controller.js:22:28)\n    at Layer.handleRequest (C:\\Users\\thund\\OneDrive\\Desktop\\acquisitions\\node_modules\\router\\lib\\layer.js:152:17)\n    at next (C:\\Users\\thund\\OneDrive\\Desktop\\acquisitions\\node_modules\\router\\lib\\route.js:157:13)\n    at Route.dispatch (C:\\Users\\thund\\OneDrive\\Desktop\\acquisitions\\node_modules\\router\\lib\\route.js:117:3)\n    at handle (C:\\Users\\thund\\OneDrive\\Desktop\\acquisitions\\node_modules\\router\\index.js:435:11)\n    at Layer.handleRequest (C:\\Users\\thund\\OneDrive\\Desktop\\acquisitions\\node_modules\\router\\lib\\layer.js:152:17)\n    at C:\\Users\\thund\\OneDrive\\Desktop\\acquisitions\\node_modules\\router\\index.js:295:15\n    at processParams (C:\\Users\\thund\\OneDrive\\Desktop\\acquisitions\\node_modules\\router\\index.js:582:12)\n    at next (C:\\Users\\thund\\OneDrive\\Desktop\\acquisitions\\node_modules\\router\\index.js:291:5)","timestamp":"2026-08-24T16:59:13.006Z"}
{"level":"info","message":"::1 - - [24/Aug/2026:16:59:13 +0000] \"POST /api/auth/sign-up HTTP/1.1\" 500 1331 \"-\" \"PostmanRuntime/7.51.1\"","service":"acquisitions-api","timestamp":"2026-08-24T16:59:13.010Z"}
{"level":"error","message":"Error creating user: TypeError: Cannot convert undefined or null to object","service":"acquisitions-api","timestamp":"2026-08-24T17:01:31.244Z"}
{"level":"error","message":"Signup error: Cannot convert undefined or null to object","service":"acquisitions-api","stack":"TypeError: Cannot convert undefined or null to object\n    at Object.entries (<anonymous>)\n    at orderSelectedFields (file:///C:/Users/thund/OneDrive/Desktop/acquisitions/node_modules/drizzle-orm/utils.js:55:17)\n    at file:///C:/Users/thund/OneDrive/Desktop/acquisitions/node_modules/drizzle-orm/utils.js:65:22\n    at Array.reduce (<anonymous>)\n    at orderSelectedFields (file:///C:/Users/thund/OneDrive/Desktop/acquisitions/node_modules/drizzle-orm/utils.js:55:33)\n    at QueryPromise.returning (file:///C:/Users/thund/OneDrive/Desktop/acquisitions/node_modules/drizzle-orm/pg-core/query-builders/insert.js:75:29)\n    at createUser (file:///C:/Users/thund/OneDrive/Desktop/acquisitions/src/services/auth.service.js:38:14)\n    at async signup (file:///C:/Users/thund/OneDrive/Desktop/acquisitions/src/controllers/auth.controller.js:22:22)","timestamp":"2026-08-24T17:01:31.253Z"}
{"level":"info","message":"::1 - - [24/Aug/2026:17:01:31 +0000] \"POST /api/auth/sign-up HTTP/1.1\" 500 1083 \"-\" \"PostmanRuntime/7.51.1\"","service":"acquisitions-api","timestamp":"2026-08-24T17:01:31.267Z"}
{"level":"error","message":"Error creating user: TypeError: Cannot convert undefined or null to object","service":"acquisitions-api","timestamp":"2026-08-24T17:02:10.386Z"}
{"level":"error","message":"Signup error: Cannot convert undefined or null to object","service":"acquisitions-api","stack":"TypeError: Cannot convert undefined or null to object\n    at Object.entries (<anonymous>)\n    at orderSelectedFields (file:///C:/Users/thund/OneDrive/Desktop/acquisitions/node_modules/drizzle-orm/utils.js:55:17)\n    at file:///C:/Users/thund/OneDrive/Desktop/acquisitions/node_modules/drizzle-orm/utils.js:65:22\n    at Array.reduce (<anonymous>)\n    at orderSelectedFields (file:///C:/Users/thund/OneDrive/Desktop/acquisitions/node_modules/drizzle-orm/utils.js:55:33)\n    at QueryPromise.returning (file:///C:/Users/thund/OneDrive/Desktop/acquisitions/node_modules/drizzle-orm/pg-core/query-builders/insert.js:75:29)\n    at createUser (file:///C:/Users/thund/OneDrive/Desktop/acquisitions/src/services/auth.service.js:38:14)\n    at async signup (file:///C:/Users/thund/OneDrive/Desktop/acquisitions/src/controllers/auth.controller.js:22:22)","timestamp":"2026-08-24T17:02:10.388Z"}
{"level":"info","message":"::1 - - [24/Aug/2026:17:02:10 +0000] \"POST /api/auth/sign-up HTTP/1.1\" 500 1083 \"-\" \"PostmanRuntime/7.51.1\"","service":"acquisitions-api","timestamp":"2026-08-24T17:02:10.391Z"}
{"level":"info","message":"User contact@pat.com created successfully","service":"acquisitions-api","timestamp":"2026-08-24T17:04:24.660Z"}
{"level":"info","message":"User registered successfully: contact@pat.com","service":"acquisitions-api","timestamp":"2026-08-24T17:04:24.673Z"}
{"level":"info","message":"::1 - - [24/Aug/2026:17:04:24 +0000] \"POST /api/auth/sign-up HTTP/1.1\" 201 116 \"-\" \"PostmanRuntime/7.51.1\"","service":"acquisitions-api","timestamp":"2026-08-24T17:04:24.683Z"}
{"level":"error","message":"Error creating user: Error: User already exists","service":"acquisitions-api","timestamp":"2026-08-24T17:04:34.928Z"}
{"level":"error","message":"Signup error: User already exists","service":"acquisitions-api","stack":"Error: User already exists\n    at createUser (file:///C:/Users/thund/OneDrive/Desktop/acquisitions/src/services/auth.service.js:25:19)\n    at process.processTicksAndRejections (node:internal/process/task_queues:103:5)\n    at async signup (file:///C:/Users/thund/OneDrive/Desktop/acquisitions/src/controllers/auth.controller.js:22:22)","timestamp":"2026-08-24T17:04:34.930Z"}
{"level":"info","message":"::1 - - [24/Aug/2026:17:04:34 +0000] \"POST /api/auth/sign-up HTTP/1.1\" 409 31 \"-\" \"PostmanRuntime/7.51.1\"","service":"acquisitions-api","timestamp":"2026-08-24T17:04:34.934Z"}
{"level":"error","message":"Error creating user: Error: User already exists","service":"acquisitions-api","timestamp":"2026-08-24T17:04:47.239Z"}
{"level":"error","message":"Signup error: User already exists","service":"acquisitions-api","stack":"Error: User already exists\n    at createUser (file:///C:/Users/thund/OneDrive/Desktop/acquisitions/src/services/auth.service.js:25:19)\n    at process.processTicksAndRejections (node:internal/process/task_queues:103:5)\n    at async signup (file:///C:/Users/thund/OneDrive/Desktop/acquisitions/src/controllers/auth.controller.js:22:22)","timestamp":"2026-08-24T17:04:47.240Z"}
{"level":"info","message":"::1 - - [24/Aug/2026:17:04:47 +0000] \"POST /api/auth/sign-up HTTP/1.1\" 409 31 \"-\" \"PostmanRuntime/7.51.1\"","service":"acquisitions-api","timestamp":"2026-08-24T17:04:47.242Z"}
{"level":"info","message":"User contact@sam.com created successfully","service":"acquisitions-api","timestamp":"2026-08-24T17:05:04.936Z"}
{"level":"info","message":"User registered successfully: contact@sam.com","service":"acquisitions-api","timestamp":"2026-08-24T17:05:04.939Z"}
{"level":"info","message":"::1 - - [24/Aug/2026:17:05:04 +0000] \"POST /api/auth/sign-up HTTP/1.1\" 201 112 \"-\" \"PostmanRuntime/7.51.1\"","service":"acquisitions-api","timestamp":"2026-08-24T17:05:04.941Z"}
{"level":"info","message":"User contact@pete.com created successfully","service":"acquisitions-api","timestamp":"2026-08-24T17:05:16.956Z"}
{"level":"info","message":"User registered successfully: contact@pete.com","service":"acquisitions-api","timestamp":"2026-08-24T17:05:16.957Z"}
{"level":"info","message":"::1 - - [24/Aug/2026:17:05:16 +0000] \"POST /api/auth/sign-up HTTP/1.1\" 201 113 \"-\" \"PostmanRuntime/7.51.1\"","service":"acquisitions-api","timestamp":"2026-08-24T17:05:16.959Z"}
{"level":"error","message":"Error creating user: Error: User already exists","service":"acquisitions-api","timestamp":"2026-08-24T17:06:28.404Z"}
{"level":"error","message":"Signup error: User already exists","service":"acquisitions-api","stack":"Error: User already exists\n    at createUser (file:///C:/Users/thund/OneDrive/Desktop/acquisitions/src/services/auth.service.js:25:19)\n    at process.processTicksAndRejections (node:internal/process/task_queues:103:5)\n    at async signup (file:///C:/Users/thund/OneDrive/Desktop/acquisitions/src/controllers/auth.controller.js:22:22)","timestamp":"2026-08-24T17:06:28.405Z"}
{"level":"info","message":"::1 - - [24/Aug/2026:17:06:28 +0000] \"POST /api/auth/sign-up HTTP/1.1\" 409 31 \"-\" \"PostmanRuntime/7.51.1\"","service":"acquisitions-api","timestamp":"2026-08-24T17:06:28.406Z"}
{"level":"error","message":"Error creating user: Error: User already exists","service":"acquisitions-api","timestamp":"2026-08-24T17:06:36.530Z"}
{"level":"error","message":"Signup error: User already exists","service":"acquisitions-api","stack":"Error: User already exists\n    at createUser (file:///C:/Users/thund/OneDrive/Desktop/acquisitions/src/services/auth.service.js:25:19)\n    at process.processTicksAndRejections (node:internal/process/task_queues:103:5)\n    at async signup (file:///C:/Users/thund/OneDrive/Desktop/acquisitions/src/controllers/auth.controller.js:22:22)","timestamp":"2026-08-24T17:06:36.530Z"}
{"level":"info","message":"::1 - - [24/Aug/2026:17:06:36 +0000] \"POST /api/auth/sign-up HTTP/1.1\" 409 31 \"-\" \"PostmanRuntime/7.51.1\"","service":"acquisitions-api","timestamp":"2026-08-24T17:06:36.532Z"}
{"level":"info","message":"User newuser@example.com created successfully","service":"acquisitions-api","timestamp":"2026-08-24T17:12:38.013Z"}
{"level":"info","message":"User registered successfully: newuser@example.com","service":"acquisitions-api","timestamp":"2026-08-24T17:12:38.028Z"}
{"level":"info","message":"::1 - - [24/Aug/2026:17:12:38 +0000] \"POST /api/auth/sign-up HTTP/1.1\" 201 121 \"-\" \"PostmanRuntime/7.51.1\"","service":"acquisitions-api","timestamp":"2026-08-24T17:12:38.043Z"}
{"level":"info","message":"Hello from Acquisitions API","service":"acquisitions-api","timestamp":"2026-08-24T17:23:35.684Z"}
{"level":"info","message":"::1 - - [24/Aug/2026:17:23:35 +0000] \"GET / HTTP/1.1\" 304 - \"-\" \"Mozilla/5.0 (Windows NT 10.0; Win64; x64) AppleWebKit/537.36 (KHTML, like Gecko) Code/1.134.0 Chrome/148.0.7778.280 Electron/42.8.1 Safari/537.36\"","service":"acquisitions-api","timestamp":"2026-08-24T17:23:35.690Z"}
{"level":"info","message":"User newuser@example.com authenticated successfully","service":"acquisitions-api","timestamp":"2026-08-25T19:19:42.884Z"}
{"level":"info","message":"User signed in successfully: newuser@example.com","service":"acquisitions-api","timestamp":"2026-08-25T19:19:42.899Z"}
{"level":"info","message":"::1 - - [25/Aug/2026:19:19:42 +0000] \"POST /api/auth/sign-in HTTP/1.1\" 200 120 \"-\" \"PostmanRuntime/7.51.1\"","service":"acquisitions-api","timestamp":"2026-08-25T19:19:42.914Z"}
{"level":"info","message":"User signed out successfully","service":"acquisitions-api","timestamp":"2026-08-25T19:20:08.599Z"}
{"level":"info","message":"::1 - - [25/Aug/2026:19:20:08 +0000] \"POST /api/auth/sign-out HTTP/1.1\" 200 42 \"-\" \"PostmanRuntime/7.51.1\"","service":"acquisitions-api","timestamp":"2026-08-25T19:20:08.601Z"}
{"level":"info","message":"User newuser@example.com authenticated successfully","service":"acquisitions-api","timestamp":"2026-08-25T19:20:19.104Z"}
{"level":"info","message":"User signed in successfully: newuser@example.com","service":"acquisitions-api","timestamp":"2026-08-25T19:20:19.106Z"}
{"level":"info","message":"::1 - - [25/Aug/2026:19:20:19 +0000] \"POST /api/auth/sign-in HTTP/1.1\" 200 120 \"-\" \"PostmanRuntime/7.51.1\"","service":"acquisitions-api","timestamp":"2026-08-25T19:20:19.107Z"}
{"level":"info","message":"::1 - - [25/Aug/2026:19:20:49 +0000] \"POST /api/auth/sign-up HTTP/1.1\" 400 92 \"-\" \"PostmanRuntime/7.51.1\"","service":"acquisitions-api","timestamp":"2026-08-25T19:20:49.037Z"}
{"level":"info","message":"User newusermark@example.com created successfully","service":"acquisitions-api","timestamp":"2026-08-25T19:21:47.382Z"}
{"level":"info","message":"User registered successfully: newusermark@example.com","service":"acquisitions-api","timestamp":"2026-08-25T19:21:47.384Z"}
{"level":"info","message":"::1 - - [25/Aug/2026:19:21:47 +0000] \"POST /api/auth/sign-up HTTP/1.1\" 201 120 \"-\" \"PostmanRuntime/7.51.1\"","service":"acquisitions-api","timestamp":"2026-08-25T19:21:47.386Z"}
{"level":"info","message":"User newusermark@example.com authenticated successfully","service":"acquisitions-api","timestamp":"2026-08-25T19:22:03.486Z"}
{"level":"info","message":"User signed in successfully: newusermark@example.com","service":"acquisitions-api","timestamp":"2026-08-25T19:22:03.488Z"}
{"level":"info","message":"::1 - - [25/Aug/2026:19:22:03 +0000] \"POST /api/auth/sign-in HTTP/1.1\" 200 119 \"-\" \"PostmanRuntime/7.51.1\"","service":"acquisitions-api","timestamp":"2026-08-25T19:22:03.490Z"}
{"level":"info","message":"User signed out successfully","service":"acquisitions-api","timestamp":"2026-08-25T19:22:13.534Z"}
{"level":"info","message":"::1 - - [25/Aug/2026:19:22:13 +0000] \"POST /api/auth/sign-out HTTP/1.1\" 200 42 \"-\" \"PostmanRuntime/7.51.1\"","service":"acquisitions-api","timestamp":"2026-08-25T19:22:13.535Z"}
{"level":"info","message":"User newusermark@example.com authenticated successfully","service":"acquisitions-api","timestamp":"2026-08-25T19:22:23.863Z"}
{"level":"info","message":"User signed in successfully: newusermark@example.com","service":"acquisitions-api","timestamp":"2026-08-25T19:22:23.864Z"}
{"level":"info","message":"::1 - - [25/Aug/2026:19:22:23 +0000] \"POST /api/auth/sign-in HTTP/1.1\" 200 119 \"-\" \"PostmanRuntime/7.51.1\"","service":"acquisitions-api","timestamp":"2026-08-25T19:22:23.865Z"}
{"level":"info","message":"User newusermark@example.com authenticated successfully","service":"acquisitions-api","timestamp":"2026-08-26T15:01:51.133Z"}
{"level":"info","message":"User signed in successfully: newusermark@example.com","service":"acquisitions-api","timestamp":"2026-08-26T15:01:51.140Z"}
{"level":"info","message":"::1 - - [26/Aug/2026:15:01:51 +0000] \"POST /api/auth/sign-in HTTP/1.1\" 200 119 \"-\" \"PostmanRuntime/7.51.1\"","service":"acquisitions-api","timestamp":"2026-08-26T15:01:51.145Z"}
{"level":"info","message":"User signed out successfully","service":"acquisitions-api","timestamp":"2026-08-26T15:02:02.678Z"}
{"level":"info","message":"::1 - - [26/Aug/2026:15:02:02 +0000] \"POST /api/auth/sign-out HTTP/1.1\" 200 42 \"-\" \"PostmanRuntime/7.51.1\"","service":"acquisitions-api","timestamp":"2026-08-26T15:02:02.682Z"}
{"ip":"::1","level":"warn","message":"Bot request blocked","path":"/health","service":"acquisitions-api","timestamp":"2026-08-26T18:04:21.173Z","userAgent":"PostmanRuntime/7.51.1"}
{"level":"info","message":"::1 - - [26/Aug/2026:18:04:21 +0000] \"GET /health HTTP/1.1\" 403 68 \"-\" \"PostmanRuntime/7.51.1\"","service":"acquisitions-api","timestamp":"2026-08-26T18:04:21.191Z"}
{"ip":"::1","level":"warn","message":"Bot request blocked","path":"/health","service":"acquisitions-api","timestamp":"2026-08-26T18:04:25.194Z","userAgent":"PostmanRuntime/7.51.1"}
{"level":"info","message":"::1 - - [26/Aug/2026:18:04:25 +0000] \"GET /health HTTP/1.1\" 403 68 \"-\" \"PostmanRuntime/7.51.1\"","service":"acquisitions-api","timestamp":"2026-08-26T18:04:25.198Z"}
{"level":"info","message":"::1 - - [26/Aug/2026:18:11:25 +0000] \"GET /health HTTP/1.1\" 200 73 \"-\" \"PostmanRuntime/7.51.1\"","service":"acquisitions-api","timestamp":"2026-08-26T18:11:25.742Z"}
{"level":"info","message":"::1 - - [26/Aug/2026:18:11:39 +0000] \"GET /health HTTP/1.1\" 200 74 \"-\" \"PostmanRuntime/7.51.1\"","service":"acquisitions-api","timestamp":"2026-08-26T18:11:39.944Z"}
{"level":"info","message":"::1 - - [26/Aug/2026:18:11:43 +0000] \"GET /health HTTP/1.1\" 200 74 \"-\" \"PostmanRuntime/7.51.1\"","service":"acquisitions-api","timestamp":"2026-08-26T18:11:43.363Z"}
{"level":"info","message":"::1 - - [26/Aug/2026:18:11:43 +0000] \"GET /health HTTP/1.1\" 200 74 \"-\" \"PostmanRuntime/7.51.1\"","service":"acquisitions-api","timestamp":"2026-08-26T18:11:43.936Z"}
{"level":"info","message":"::1 - - [26/Aug/2026:18:11:44 +0000] \"GET /health HTTP/1.1\" 200 74 \"-\" \"PostmanRuntime/7.51.1\"","service":"acquisitions-api","timestamp":"2026-08-26T18:11:44.587Z"}
{"ip":"::1","level":"warn","message":"Rate limit exceeded","path":"/health","service":"acquisitions-api","timestamp":"2026-08-26T18:11:45.211Z","userAgent":"PostmanRuntime/7.51.1"}
{"level":"info","message":"::1 - - [26/Aug/2026:18:11:45 +0000] \"GET /health HTTP/1.1\" 429 97 \"-\" \"PostmanRuntime/7.51.1\"","service":"acquisitions-api","timestamp":"2026-08-26T18:11:45.213Z"}
{"ip":"::1","level":"warn","message":"Rate limit exceeded","path":"/health","service":"acquisitions-api","timestamp":"2026-08-26T18:11:45.823Z","userAgent":"PostmanRuntime/7.51.1"}
{"level":"info","message":"::1 - - [26/Aug/2026:18:11:45 +0000] \"GET /health HTTP/1.1\" 429 97 \"-\" \"PostmanRuntime/7.51.1\"","service":"acquisitions-api","timestamp":"2026-08-26T18:11:45.825Z"}
{"level":"info","message":"Hello from Acquisitions API","service":"acquisitions-api","timestamp":"2026-08-29T17:49:56.167Z"}
{"level":"info","message":"::1 - - [29/Aug/2026:17:49:56 +0000] \"GET / HTTP/1.1\" 304 - \"-\" \"Mozilla/5.0 (Windows NT 10.0; Win64; x64) AppleWebKit/537.36 (KHTML, like Gecko) Code/1.134.0 Chrome/148.0.7778.280 Electron/42.8.1 Safari/537.36\"","service":"acquisitions-api","timestamp":"2026-08-29T17:49:56.174Z"}
{"level":"info","message":"::1 - - [29/Aug/2026:17:50:11 +0000] \"GET /aoi HTTP/1.1\" 404 142 \"-\" \"Mozilla/5.0 (Windows NT 10.0; Win64; x64) AppleWebKit/537.36 (KHTML, like Gecko) Code/1.134.0 Chrome/148.0.7778.280 Electron/42.8.1 Safari/537.36\"","service":"acquisitions-api","timestamp":"2026-08-29T17:50:11.634Z"}
{"level":"info","message":"::1 - - [29/Aug/2026:17:50:17 +0000] \"GET /api HTTP/1.1\" 304 - \"-\" \"Mozilla/5.0 (Windows NT 10.0; Win64; x64) AppleWebKit/537.36 (KHTML, like Gecko) Code/1.134.0 Chrome/148.0.7778.280 Electron/42.8.1 Safari/537.36\"","service":"acquisitions-api","timestamp":"2026-08-29T17:50:17.884Z"}
{"level":"info","message":"Hello from Acquisitions API","service":"acquisitions-api","timestamp":"2026-08-29T17:50:44.892Z"}
{"level":"info","message":"::1 - - [29/Aug/2026:17:50:44 +0000] \"GET / HTTP/1.1\" 304 - \"-\" \"Mozilla/5.0 (Windows NT 10.0; Win64; x64) AppleWebKit/537.36 (KHTML, like Gecko) Code/1.134.0 Chrome/148.0.7778.280 Electron/42.8.1 Safari/537.36\"","service":"acquisitions-api","timestamp":"2026-08-29T17:50:44.894Z"}
{"level":"info","message":"::1 - - [29/Aug/2026:17:50:51 +0000] \"GET /health HTTP/1.1\" 200 75 \"-\" \"Mozilla/5.0 (Windows NT 10.0; Win64; x64) AppleWebKit/537.36 (KHTML, like Gecko) Code/1.134.0 Chrome/148.0.7778.280 Electron/42.8.1 Safari/537.36\"","service":"acquisitions-api","timestamp":"2026-08-29T17:50:51.219Z"}
{"level":"error","message":"Error creating user: Failed query: select \"id\", \"name\", \"email\", \"password\", \"role\", \"created_at\", \"updated_at\" from \"users\" where \"users\".\"email\" = $1 limit $2\nparams: newuseradrian@example.com,1","service":"acquisitions-api","timestamp":"2026-08-29T17:57:04.508Z"}
{"level":"error","message":"Signup error: Failed query: select \"id\", \"name\", \"email\", \"password\", \"role\", \"created_at\", \"updated_at\" from \"users\" where \"users\".\"email\" = $1 limit $2\nparams: newuseradrian@example.com,1","service":"acquisitions-api","timestamp":"2026-08-29T17:57:04.516Z"}
{"level":"info","message":"::1 - - [29/Aug/2026:17:57:04 +0000] \"POST /api/auth/sign-up HTTP/1.1\" 500 1089 \"-\" \"PostmanRuntime/7.51.1\"","service":"acquisitions-api","timestamp":"2026-08-29T17:57:04.530Z"}
{"level":"error","message":"Error creating user: Failed query: select \"id\", \"name\", \"email\", \"password\", \"role\", \"created_at\", \"updated_at\" from \"users\" where \"users\".\"email\" = $1 limit $2\nparams: newuseradrian@example.com,1","service":"acquisitions-api","timestamp":"2026-08-29T18:00:00.666Z"}
{"level":"error","message":"Signup error: Failed query: select \"id\", \"name\", \"email\", \"password\", \"role\", \"created_at\", \"updated_at\" from \"users\" where \"users\".\"email\" = $1 limit $2\nparams: newuseradrian@example.com,1","service":"acquisitions-api","timestamp":"2026-08-29T18:00:00.669Z"}
{"level":"info","message":"::1 - - [29/Aug/2026:18:00:00 +0000] \"POST /api/auth/sign-up HTTP/1.1\" 500 1089 \"-\" \"PostmanRuntime/7.51.1\"","service":"acquisitions-api","timestamp":"2026-08-29T18:00:00.674Z"}
{"level":"error","message":"Error creating user: Failed query: select \"id\", \"name\", \"email\", \"password\", \"role\", \"created_at\", \"updated_at\" from \"users\" where \"users\".\"email\" = $1 limit $2\nparams: newuseradrian@example.com,1","service":"acquisitions-api","timestamp":"2026-08-29T18:08:24.892Z"}
{"level":"error","message":"Signup error: Failed query: select \"id\", \"name\", \"email\", \"password\", \"role\", \"created_at\", \"updated_at\" from \"users\" where \"users\".\"email\" = $1 limit $2\nparams: newuseradrian@example.com,1","service":"acquisitions-api","timestamp":"2026-08-29T18:08:24.893Z"}
{"level":"info","message":"::1 - - [29/Aug/2026:18:08:24 +0000] \"POST /api/auth/sign-up HTTP/1.1\" 500 1089 \"-\" \"PostmanRuntime/7.51.1\"","service":"acquisitions-api","timestamp":"2026-08-29T18:08:24.895Z"}
{"level":"error","message":"Error creating user: Failed query: select \"id\", \"name\", \"email\", \"password\", \"role\", \"created_at\", \"updated_at\" from \"users\" where \"users\".\"email\" = $1 limit $2\nparams: newuseradrian@example.com,1","service":"acquisitions-api","timestamp":"2026-08-29T18:11:41.091Z"}
{"level":"error","message":"Signup error: Failed query: select \"id\", \"name\", \"email\", \"password\", \"role\", \"created_at\", \"updated_at\" from \"users\" where \"users\".\"email\" = $1 limit $2\nparams: newuseradrian@example.com,1","service":"acquisitions-api","timestamp":"2026-08-29T18:11:41.092Z"}
{"level":"info","message":"::1 - - [29/Aug/2026:18:11:41 +0000] \"POST /api/auth/sign-up HTTP/1.1\" 500 1089 \"-\" \"PostmanRuntime/7.51.1\"","service":"acquisitions-api","timestamp":"2026-08-29T18:11:41.094Z"}
{"level":"error","message":"Error creating user: Failed query: select \"id\", \"name\", \"email\", \"password\", \"role\", \"created_at\", \"updated_at\" from \"users\" where \"users\".\"email\" = $1 limit $2\nparams: newuseradrian@example.com,1","service":"acquisitions-api","timestamp":"2026-08-29T18:46:16.444Z"}
{"level":"error","message":"Signup error: Failed query: select \"id\", \"name\", \"email\", \"password\", \"role\", \"created_at\", \"updated_at\" from \"users\" where \"users\".\"email\" = $1 limit $2\nparams: newuseradrian@example.com,1","service":"acquisitions-api","timestamp":"2026-08-29T18:46:16.454Z"}
{"level":"info","message":"::1 - - [29/Aug/2026:18:46:16 +0000] \"POST /api/auth/sign-up HTTP/1.1\" 500 1089 \"-\" \"PostmanRuntime/7.51.1\"","service":"acquisitions-api","timestamp":"2026-08-29T18:46:16.463Z"}
{"level":"info","message":"::1 - - [29/Aug/2026:18:46:40 +0000] \"GET /health HTTP/1.1\" 200 74 \"-\" \"PostmanRuntime/7.51.1\"","service":"acquisitions-api","timestamp":"2026-08-29T18:46:40.137Z"}
{"level":"error","message":"Error creating user: Failed query: select \"id\", \"name\", \"email\", \"password\", \"role\", \"created_at\", \"updated_at\" from \"users\" where \"users\".\"email\" = $1 limit $2\nparams: newuseradrian@example.com,1","service":"acquisitions-api","timestamp":"2026-08-29T18:47:25.411Z"}
{"level":"error","message":"Signup error: Failed query: select \"id\", \"name\", \"email\", \"password\", \"role\", \"created_at\", \"updated_at\" from \"users\" where \"users\".\"email\" = $1 limit $2\nparams: newuseradrian@example.com,1","service":"acquisitions-api","timestamp":"2026-08-29T18:47:25.412Z"}
{"level":"info","message":"::1 - - [29/Aug/2026:18:47:25 +0000] \"POST /api/auth/sign-up HTTP/1.1\" 500 1089 \"-\" \"PostmanRuntime/7.51.1\"","service":"acquisitions-api","timestamp":"2026-08-29T18:47:25.413Z"}
{"level":"error","message":"Error creating user: Failed query: select \"id\", \"name\", \"email\", \"password\", \"role\", \"created_at\", \"updated_at\" from \"users\" where \"users\".\"email\" = $1 limit $2\nparams: newuseradrian@example.com,1","service":"acquisitions-api","timestamp":"2026-08-29T18:49:27.706Z"}
{"level":"error","message":"Signup error: Failed query: select \"id\", \"name\", \"email\", \"password\", \"role\", \"created_at\", \"updated_at\" from \"users\" where \"users\".\"email\" = $1 limit $2\nparams: newuseradrian@example.com,1","service":"acquisitions-api","timestamp":"2026-08-29T18:49:27.707Z"}
{"level":"info","message":"::1 - - [29/Aug/2026:18:49:27 +0000] \"POST /api/auth/sign-up HTTP/1.1\" 500 1089 \"-\" \"PostmanRuntime/7.51.1\"","service":"acquisitions-api","timestamp":"2026-08-29T18:49:27.710Z"}
